// Jest Snapshot v1, https://goo.gl/fbAQLP

exports[`Navigation should match the snapshot 1`] = `
.emotion-0 {
  background-color: var(--white);
  border: 1px solid var(--black);
  border-left: 8px solid var(--black);
  border-radius: 6px;
  bottom: 24px;
  box-shadow: var(--shadow);
  color: var(--black);
  font: .875rem var(--sans);
  left: 24px;
  max-width: calc(80% - 12px);
  padding: 12px 16px;
  position: fixed;
  word-wrap: break-word;
}

<div
  className="emotion-0"
>
  Message
</div>
`;
