// Jest Snapshot v1, https://goo.gl/fbAQLP

exports[`Job should match the snapshot 1`] = `
.emotion-0 {
  display: -webkit-box;
  display: -webkit-flex;
  display: -ms-flexbox;
  display: flex;
  gap: 16px;
}

@media (max-width: 450px) {
  .emotion-0 {
    -webkit-flex-direction: column;
    -ms-flex-direction: column;
    flex-direction: column;
    gap: 2px;
  }
}

.emotion-1 {
  display: -webkit-box;
  display: -webkit-flex;
  display: -ms-flexbox;
  display: flex;
  gap: 12px;
}

@media (max-width: 450px) {
  .emotion-1 {
    display: none;
  }
}

.emotion-2 {
  display: -webkit-box;
  display: -webkit-flex;
  display: -ms-flexbox;
  display: flex;
  -webkit-flex-direction: column;
  -ms-flex-direction: column;
  flex-direction: column;
  font-weight: 500;
  -webkit-box-pack: justify;
  -webkit-justify-content: space-between;
  justify-content: space-between;
  min-width: 70px;
  padding: 8px 0;
  text-align: right;
  white-space: nowrap;
}

.emotion-3 {
  -webkit-align-items: center;
  -webkit-box-align: center;
  -ms-flex-align: center;
  align-items: center;
  display: -webkit-box;
  display: -webkit-flex;
  display: -ms-flexbox;
  display: flex;
  -webkit-flex-direction: column;
  -ms-flex-direction: column;
  flex-direction: column;
  padding: 8px 0;
}

.emotion-4 {
  background-color: var(--white);
  border: 2px solid var(--dark-gray);
  border-radius: 8px;
  min-height: 8px;
  min-width: 8px;
}

.emotion-5 {
  background-color: var(--dark-gray);
  height: 100%;
  width: 2px;
}

.emotion-7 {
  display: -webkit-box;
  display: -webkit-flex;
  display: -ms-flexbox;
  display: flex;
  -webkit-flex-direction: column;
  -ms-flex-direction: column;
  flex-direction: column;
  font-weight: 500;
  gap: 2px;
}

@media (min-width: 451px) {
  .emotion-7 {
    display: none;
  }
}

.emotion-8 {
  -webkit-align-items: center;
  -webkit-box-align: center;
  -ms-flex-align: center;
  align-items: center;
  display: -webkit-box;
  display: -webkit-flex;
  display: -ms-flexbox;
  display: flex;
  -webkit-box-flex: 1;
  -webkit-flex-grow: 1;
  -ms-flex-positive: 1;
  flex-grow: 1;
  -webkit-box-pack: justify;
  -webkit-justify-content: space-between;
  justify-content: space-between;
}

.emotion-10 {
  background-color: var(--dark-gray);
  height: 2px;
  width: 100%;
}

.emotion-12 {
  display: -webkit-box;
  display: -webkit-flex;
  display: -ms-flexbox;
  display: flex;
  -webkit-box-pack: justify;
  -webkit-justify-content: space-between;
  justify-content: space-between;
}

.emotion-13 {
  display: -webkit-box;
  display: -webkit-flex;
  display: -ms-flexbox;
  display: flex;
  -webkit-flex-direction: column;
  -ms-flex-direction: column;
  flex-direction: column;
}

.emotion-14 {
  display: -webkit-box;
  display: -webkit-flex;
  display: -ms-flexbox;
  display: flex;
  -webkit-box-flex-wrap: wrap;
  -webkit-flex-wrap: wrap;
  -ms-flex-wrap: wrap;
  flex-wrap: wrap;
  gap: 6px;
  margin: 6px 0;
}

.emotion-15 {
  background-color: var(--black);
  border-radius: 12px;
  color: var(--white);
  font: .685rem var(--sans);
  letter-spacing: 1px;
  padding: 2px 8px;
  text-transform: uppercase;
}

<div
  className="emotion-0"
>
  <div
    className="emotion-1"
  >
    <div
      className="emotion-2"
    >
      <div
        className="sans"
      >
        End
      </div>
      <div
        className="sans"
      >
        Start
      </div>
    </div>
    <div
      className="emotion-3"
    >
      <div
        className="emotion-4"
      />
      <div
        className="emotion-5"
      />
      <div
        className="emotion-4"
      />
    </div>
  </div>
  <div
    className="emotion-7"
  >
    <div
      className="emotion-8"
    >
      <div
        className="emotion-4"
      />
      <div
        className="emotion-10"
      />
      <div
        className="emotion-4"
      />
    </div>
    <div
      className="emotion-12"
    >
      <div
        className="sans"
      >
        Start
      </div>
      <div
        className="sans"
      >
        End
      </div>
    </div>
  </div>
  <div
    className="emotion-13"
  >
    <h2>
      Role
    </h2>
    <p
      className="sans"
    >
      Company
    </p>
    <div
      className="emotion-14"
    >
      <div
        className="emotion-15"
      >
        Skill 1
      </div>
      <div
        className="emotion-15"
      >
        Skill 2
      </div>
    </div>
    <p>
      Scope
    </p>
    <ul>
      <li>
        Accomplishment 1
      </li>
      <li>
        Accomplishment 2
      </li>
    </ul>
  </div>
</div>
`;
