// Jest Snapshot v1, https://goo.gl/fbAQLP

exports[`Navigation should match the snapshot 1`] = `
.emotion-0 {
  background-color: var(--black);
  border: 1px solid var(--black);
  box-shadow: var(--shadow);
  display: -webkit-box;
  display: -webkit-flex;
  display: -ms-flexbox;
  display: flex;
  margin: -48px 0 36px;
  position: -webkit-sticky;
  position: sticky;
  text-align: center;
  top: 0;
  z-index: 1;
}

.emotion-0 a {
  color: var(--white);
  -webkit-box-flex: 1;
  -webkit-flex-grow: 1;
  -ms-flex-positive: 1;
  flex-grow: 1;
  font-weight: normal;
  padding: 12px 0;
  -webkit-text-decoration: none;
  text-decoration: none;
}

.emotion-0 a svg {
  fill: var(--white);
}

.emotion-0 a.active {
  background-color: var(--white);
  color: var(--black);
  font-weight: 500;
  pointer-events: none;
}

.emotion-0 a:hover {
  background-color: var(--white);
  color: var(--black);
}

.emotion-0 a:hover svg {
  fill: var(--black);
}

@media (max-width: 950px) {
  .emotion-0 .external {
    display: none;
  }
}

@media (max-width: 700px) {
  .emotion-0 a {
    font-size: .875rem;
  }
}

@media (max-width: 450px) {
  .emotion-0 {
    -webkit-flex-direction: column;
    -ms-flex-direction: column;
    flex-direction: column;
  }

  .emotion-0 a {
    letter-spacing: 4px;
    padding: 10px 0;
  }

  .emotion-0 a:nth-of-type(-n + 2) {
    border-bottom: 1px solid var(--white);
  }
}

.emotion-1 {
  -webkit-align-items: center;
  -webkit-box-align: center;
  -ms-flex-align: center;
  align-items: center;
  display: -webkit-inline-box;
  display: -webkit-inline-flex;
  display: -ms-inline-flexbox;
  display: inline-flex;
  gap: 6px;
  vertical-align: bottom;
  -webkit-box-pack: center;
  -ms-flex-pack: center;
  -webkit-justify-content: center;
  justify-content: center;
}

<nav
  className="sans emotion-0"
>
  <a
    href="/"
  >
    Experience
  </a>
  <a
    href="/skills"
  >
    Skills
  </a>
  <a
    href="/projects"
  >
    Projects
  </a>
  <a
    className="external emotion-1"
    href="https://www.linkedin.com/in/trandianat"
    target="_blank"
  >
    <svg
      viewBox="0 0 24 24"
      xmlns="http://www.w3.org/2000/svg"
    >
      <path
        d="M5 3c-1.093 0-2 .907-2 2v14c0 1.093.907 2 2 2h14c1.093 0 2-.907 2-2v-7h-2v7H5V5h7V3H5zm9 0v2h3.586l-9.293 9.293 1.414 1.414L19 6.414V10h2V3h-7z"
      />
    </svg>
    LinkedIn
  </a>
  <a
    className="external emotion-1"
    href="https://github.com/trandianat"
    target="_blank"
  >
    <svg
      viewBox="0 0 24 24"
      xmlns="http://www.w3.org/2000/svg"
    >
      <path
        d="M5 3c-1.093 0-2 .907-2 2v14c0 1.093.907 2 2 2h14c1.093 0 2-.907 2-2v-7h-2v7H5V5h7V3H5zm9 0v2h3.586l-9.293 9.293 1.414 1.414L19 6.414V10h2V3h-7z"
      />
    </svg>
    Github
  </a>
</nav>
`;
