// Jest Snapshot v1, https://goo.gl/fbAQLP

exports[`Skills should match the snapshot 1`] = `
[
  .emotion-0 {
  background-color: var(--white);
  padding: 48px 0;
  width: 100%;
}

.emotion-1 {
  margin: 0 auto;
  width: var(--desktop);
}

@media (max-width: 950px) {
  .emotion-1 {
    width: 650px;
  }
}

@media (max-width: 700px) {
  .emotion-1 {
    width: 400px;
  }
}

@media (max-width: 450px) {
  .emotion-1 {
    width: 80%;
  }
}

.emotion-2 {
  display: -webkit-box;
  display: -webkit-flex;
  display: -ms-flexbox;
  display: flex;
  -webkit-flex-direction: column;
  -ms-flex-direction: column;
  flex-direction: column;
  gap: 36px;
}

.emotion-3 {
  background-color: var(--black);
  height: 2px;
}

.emotion-4 {
  display: -webkit-box;
  display: -webkit-flex;
  display: -ms-flexbox;
  display: flex;
  -webkit-box-pack: justify;
  -webkit-justify-content: space-between;
  justify-content: space-between;
}

@media (max-width: 700px) {
  .emotion-4 {
    -webkit-flex-direction: column-reverse;
    -ms-flex-direction: column-reverse;
    flex-direction: column-reverse;
    gap: 24px;
  }
}

@media (max-width: 360px) {
  .emotion-4 h1 {
    line-height: 72px;
    margin-bottom: 12px;
  }
}

.emotion-5 {
  background-color: var(--black);
  border-radius: 50%;
  color: var(--white);
  display: -webkit-box;
  display: -webkit-flex;
  display: -ms-flexbox;
  display: flex;
  font-size: 2rem;
  height: 100px;
  letter-spacing: 3px;
  min-height: 100px;
  min-width: 100px;
  width: 100px;
}

.emotion-5 .content {
  display: -webkit-box;
  display: -webkit-flex;
  display: -ms-flexbox;
  display: flex;
  -webkit-flex-direction: column;
  -ms-flex-direction: column;
  flex-direction: column;
  gap: 6px;
  margin: auto;
}

.emotion-5 .dot {
  background-color: var(--white);
  border-radius: 50%;
  height: 4px;
  margin: 0 auto;
  width: 4px;
}

.emotion-5 .line {
  background-color: var(--white);
  height: 1px;
  margin: 0 auto;
  width: 24px;
}

@media (max-width: 700px) {
  .emotion-5 {
    margin: 0 auto;
  }
}

@media (min-width: 951px) {
  .emotion-6 {
    display: none;
  }
}

.emotion-7 {
  -webkit-align-items: center;
  -webkit-box-align: center;
  -ms-flex-align: center;
  align-items: center;
  display: -webkit-inline-box;
  display: -webkit-inline-flex;
  display: -ms-inline-flexbox;
  display: inline-flex;
  gap: 4px;
  vertical-align: bottom;
}

<div
    className="emotion-0"
  >
    <div
      className="emotion-1"
    >
      <div
        className="emotion-2"
      >
        <div
          className="emotion-3"
        />
        <div
          className="emotion-4"
        >
          <div>
            <h1>
              Diana Tran
            </h1>
            <p
              className="sans"
            >
              Software Engineer
            </p>
          </div>
          <div
            className="emotion-5"
          >
            <div
              className="content"
            >
              <div
                className="dot"
              />
              <div>
                DT
              </div>
              <div
                className="line"
              />
            </div>
          </div>
        </div>
        <p>
          Detail-oriented documentation expert who is eager to fail fast, learn, and iterate. Experienced in design-thinking ideation and building seamless, accessible, and confidence-boosting user experiences. Well versed in the software development lifecycle including architecture and system design, testing, and monitoring.
           
          <span
            className="emotion-6"
          >
            <a
              className="emotion-7"
              href="https://www.linkedin.com/in/trandianat"
              target="_blank"
            >
              LinkedIn
              <svg
                viewBox="0 0 24 24"
                xmlns="http://www.w3.org/2000/svg"
              >
                <path
                  d="M5 3c-1.093 0-2 .907-2 2v14c0 1.093.907 2 2 2h14c1.093 0 2-.907 2-2v-7h-2v7H5V5h7V3H5zm9 0v2h3.586l-9.293 9.293 1.414 1.414L19 6.414V10h2V3h-7z"
                />
              </svg>
            </a>
             
            &
             
            <a
              className="emotion-7"
              href="https://github.com/trandianat"
              target="_blank"
            >
              Github
              <svg
                viewBox="0 0 24 24"
                xmlns="http://www.w3.org/2000/svg"
              >
                <path
                  d="M5 3c-1.093 0-2 .907-2 2v14c0 1.093.907 2 2 2h14c1.093 0 2-.907 2-2v-7h-2v7H5V5h7V3H5zm9 0v2h3.586l-9.293 9.293 1.414 1.414L19 6.414V10h2V3h-7z"
                />
              </svg>
            </a>
          </span>
        </p>
      </div>
    </div>
  </div>,
  .emotion-0 {
  background-color: var(--gray);
  padding: 48px 0;
  width: 100%;
  -webkit-box-flex: 1;
  -webkit-flex-grow: 1;
  -ms-flex-positive: 1;
  flex-grow: 1;
}

.emotion-1 {
  margin: 0 auto;
  width: var(--desktop);
}

@media (max-width: 950px) {
  .emotion-1 {
    width: 650px;
  }
}

@media (max-width: 700px) {
  .emotion-1 {
    width: 400px;
  }
}

@media (max-width: 450px) {
  .emotion-1 {
    width: 80%;
  }
}

.emotion-2 {
  background-color: var(--black);
  border: 1px solid var(--black);
  box-shadow: var(--shadow);
  display: -webkit-box;
  display: -webkit-flex;
  display: -ms-flexbox;
  display: flex;
  margin: -48px 0 36px;
  position: -webkit-sticky;
  position: sticky;
  text-align: center;
  top: 0;
  z-index: 1;
}

.emotion-2 a {
  color: var(--white);
  -webkit-box-flex: 1;
  -webkit-flex-grow: 1;
  -ms-flex-positive: 1;
  flex-grow: 1;
  font-weight: normal;
  padding: 12px 0;
  -webkit-text-decoration: none;
  text-decoration: none;
}

.emotion-2 a svg {
  fill: var(--white);
}

.emotion-2 a.active {
  background-color: var(--white);
  color: var(--black);
  font-weight: 500;
  pointer-events: none;
}

.emotion-2 a:hover {
  background-color: var(--white);
  color: var(--black);
}

.emotion-2 a:hover svg {
  fill: var(--black);
}

@media (max-width: 950px) {
  .emotion-2 .external {
    display: none;
  }
}

@media (max-width: 700px) {
  .emotion-2 a {
    font-size: .875rem;
  }
}

@media (max-width: 450px) {
  .emotion-2 {
    -webkit-flex-direction: column;
    -ms-flex-direction: column;
    flex-direction: column;
  }

  .emotion-2 a {
    letter-spacing: 4px;
    padding: 10px 0;
  }

  .emotion-2 a:nth-of-type(-n + 2) {
    border-bottom: 1px solid var(--white);
  }
}

.emotion-3 {
  -webkit-align-items: center;
  -webkit-box-align: center;
  -ms-flex-align: center;
  align-items: center;
  display: -webkit-inline-box;
  display: -webkit-inline-flex;
  display: -ms-inline-flexbox;
  display: inline-flex;
  gap: 6px;
  vertical-align: bottom;
  -webkit-box-pack: center;
  -ms-flex-pack: center;
  -webkit-justify-content: center;
  justify-content: center;
}

.emotion-5.desktop {
  display: grid;
  gap: 12px;
  grid-template-columns: 1fr 1fr 1fr 1fr 1fr;
}

@media (max-width: 700px) {
  .emotion-5.desktop {
    display: none;
  }
}

.emotion-5.mobile {
  display: -webkit-box;
  display: -webkit-flex;
  display: -ms-flexbox;
  display: flex;
  -webkit-flex-direction: column;
  -ms-flex-direction: column;
  flex-direction: column;
  gap: 24px;
}

.emotion-5.mobile div {
  display: -webkit-box;
  display: -webkit-flex;
  display: -ms-flexbox;
  display: flex;
  -webkit-flex-direction: column;
  -ms-flex-direction: column;
  flex-direction: column;
  gap: 6px;
}

@media (min-width: 701px) {
  .emotion-5.mobile {
    display: none;
  }
}

<div
    className="emotion-0"
  >
    <div
      className="emotion-1"
    >
      <nav
        className="sans emotion-2"
      >
        <a
          href="/"
        >
          Experience
        </a>
        <a
          href="/skills"
        >
          Skills
        </a>
        <a
          href="/projects"
        >
          Projects
        </a>
        <a
          className="external emotion-3"
          href="https://www.linkedin.com/in/trandianat"
          target="_blank"
        >
          <svg
            viewBox="0 0 24 24"
            xmlns="http://www.w3.org/2000/svg"
          >
            <path
              d="M5 3c-1.093 0-2 .907-2 2v14c0 1.093.907 2 2 2h14c1.093 0 2-.907 2-2v-7h-2v7H5V5h7V3H5zm9 0v2h3.586l-9.293 9.293 1.414 1.414L19 6.414V10h2V3h-7z"
            />
          </svg>
          LinkedIn
        </a>
        <a
          className="external emotion-3"
          href="https://github.com/trandianat"
          target="_blank"
        >
          <svg
            viewBox="0 0 24 24"
            xmlns="http://www.w3.org/2000/svg"
          >
            <path
              d="M5 3c-1.093 0-2 .907-2 2v14c0 1.093.907 2 2 2h14c1.093 0 2-.907 2-2v-7h-2v7H5V5h7V3H5zm9 0v2h3.586l-9.293 9.293 1.414 1.414L19 6.414V10h2V3h-7z"
            />
          </svg>
          Github
        </a>
      </nav>
      <div
        className="desktop emotion-5"
      >
        <div>
          <h2>
            Languages
          </h2>
          <ul>
            <li>
              JavaScript
            </li>
            <li>
              TypeScript
            </li>
            <li>
              HTML
            </li>
            <li>
              CSS
            </li>
            <li>
              Node.js
            </li>
            <li>
              Angular
            </li>
            <li>
              GraphQL
            </li>
            <li>
              Java
            </li>
            <li>
              XML
            </li>
          </ul>
        </div>
        <div>
          <h2>
            Libraries
          </h2>
          <ul>
            <li>
              React
            </li>
            <li>
              Redux
            </li>
            <li>
              Express
            </li>
            <li>
              Emotion
            </li>
            <li>
              Sass
            </li>
            <li>
              Knex.js
            </li>
            <li>
              Storybook
            </li>
            <li>
              Handlebars
            </li>
            <li>
              Dojo
            </li>
          </ul>
        </div>
        <div>
          <h2>
            Testing
          </h2>
          <ul>
            <li>
              Jest
            </li>
            <li>
              React Testing Library
            </li>
            <li>
              Cypress
            </li>
            <li>
              Enzyme
            </li>
          </ul>
        </div>
        <div>
          <h2>
            Databases
          </h2>
          <ul>
            <li>
              PostgreSQL
            </li>
            <li>
              MongoDB
            </li>
            <li>
              DynamoDB
            </li>
            <li>
              Oracle
            </li>
            <li>
              MySQL
            </li>
          </ul>
        </div>
        <div>
          <h2>
            Other
          </h2>
          <ul>
            <li>
              Agile
            </li>
            <li>
              Accessibility
            </li>
            <li>
              Webpack
            </li>
            <li>
              Docker
            </li>
            <li>
              Kubernetes
            </li>
            <li>
              Gradle
            </li>
            <li>
              AWS
            </li>
            <li>
              Git
            </li>
          </ul>
        </div>
      </div>
      <div
        className="mobile emotion-5"
      >
        <div>
          <h2>
            Languages
          </h2>
          <hr />
          <p>
            JavaScript, 
            TypeScript, 
            HTML, 
            CSS, 
            Node.js, 
            Angular, 
            GraphQL, 
            Java, 
            XML
          </p>
        </div>
        <div>
          <h2>
            Libraries
          </h2>
          <hr />
          <p>
            React, 
            Redux, 
            Express, 
            Emotion, 
            Sass, 
            Knex.js, 
            Storybook, 
            Handlebars, 
            Dojo
          </p>
        </div>
        <div>
          <h2>
            Testing
          </h2>
          <hr />
          <p>
            Jest, 
            React Testing Library, 
            Cypress, 
            Enzyme
          </p>
        </div>
        <div>
          <h2>
            Databases
          </h2>
          <hr />
          <p>
            PostgreSQL, 
            MongoDB, 
            DynamoDB, 
            Oracle, 
            MySQL
          </p>
        </div>
        <div>
          <h2>
            Other
          </h2>
          <hr />
          <p>
            Agile, 
            Accessibility, 
            Webpack, 
            Docker, 
            Kubernetes, 
            Gradle, 
            AWS, 
            Git
          </p>
        </div>
      </div>
    </div>
  </div>,
]
`;
