// Jest Snapshot v1, https://goo.gl/fbAQLP

exports[`Link should match the snapshot 1`] = `
.emotion-0 {
  gap: 2px;
}

.emotion-0 .icon {
  vertical-align: middle;
}

.emotion-0 .text {
  margin-right: 2px;
}

<a
  className="emotion-0"
  href="http://example.com"
  target="_blank"
>
  <span
    className="text"
  >
    Text
  </span>
  <span
    className="icon"
  />
</a>
`;
